[baseline-browser-mapping] The data in this module is over two months old.  To ensure accurate Baseline data, please update: `npm i baseline-browser-mapping@latest -D`
 ⚠ Warning: Next.js inferred your workspace root, but it may not be correct.
 We detected multiple lockfiles and selected the directory of C:\Users\Benedict\Desktop\OminiDome\omnidome\package-lock.json as the root directory.
 To silence this warning, set `outputFileTracingRoot` in your Next.js config, or consider removing one of the lockfiles if it's not needed.
   See https://nextjs.org/docs/app/api-reference/config/next-config-js/output#caveats for more information.
 Detected additional lockfiles: 
   * C:\Users\Benedict\Desktop\OminiDome\omnidome\apps\technician-app\package-lock.json

 ⚠ Attempted to load @next/swc-win32-x64-msvc, but an error occurred: \\?\C:\Users\Benedict\Desktop\OminiDome\omnidome\apps\technician-app\node_modules\@next\swc-win32-x64-msvc\next-swc.win32-x64-msvc.node is not a valid Win32 application.
\\?\C:\Users\Benedict\Desktop\OminiDome\omnidome\apps\technician-app\node_modules\@next\swc-win32-x64-msvc\next-swc.win32-x64-msvc.node
   Skipping creating a lockfile at C:\Users\Benedict\Desktop\OminiDome\omnidome\apps\technician-app\.next\lock because we're using WASM bindings
   ▲ Next.js 16.0.10 (webpack)

   Creating an optimized production build ...
 ✓ (pwa) Compiling for server...
 ✓ (pwa) Compiling for server...
 ✓ (pwa) Compiling for client (static)...
 ○ (pwa) Service worker: C:\Users\Benedict\Desktop\OminiDome\omnidome\apps\technician-app\public\sw.js
 ○ (pwa)   URL: /sw.js
 ○ (pwa)   Scope: /
 ✓ Compiled successfully in 106s
   Running TypeScript ...

   We detected TypeScript in your project and reconfigured your tsconfig.json file for you.
   The following suggested values were added to your tsconfig.json. These values can be changed to fit your project's needs:

   	- include was updated to add '.next/dev/types/**/*.ts'

   The following mandatory changes were made to your tsconfig.json:

   	- jsx was set to react-jsx (next.js uses the React automatic runtime)

Failed to compile.

../customer-app/lib/api/orchestrator.ts:20:8
Type error: Cannot find module '@omnidome/agent-chat' or its corresponding type declarations.

[0m [90m 18 |[39m   type [33mConversationRead[39m[33m,[39m
 [90m 19 |[39m   type [33mAgentMessage[39m[33m,[39m
[31m[1m>[22m[39m[90m 20 |[39m } [36mfrom[39m [32m"@omnidome/agent-chat"[39m[33m;[39m
 [90m    |[39m        [31m[1m^[22m[39m
 [90m 21 |[39m[0m
Next.js build worker exited with code: 1 and signal: null
