
> omni-technician-app@0.1.0 build
> next build

[baseline-browser-mapping] The data in this module is over two months old.  To ensure accurate Baseline data, please update: `npm i baseline-browser-mapping@latest -D`
 ⚠ Warning: Next.js inferred your workspace root, but it may not be correct.
 We detected multiple lockfiles and selected the directory of C:\Users\Benedict\Desktop\OminiDome\omnidome\package-lock.json as the root directory.
 To silence this warning, set `turbopack.root` in your Next.js config, or consider removing one of the lockfiles if it's not needed.
   See https://nextjs.org/docs/app/api-reference/config/next-config-js/turbopack#root-directory for more information.
 Detected additional lockfiles: 
   * C:\Users\Benedict\Desktop\OminiDome\omnidome\apps\technician-app\package-lock.json

 ⚠ Attempted to load @next/swc-win32-x64-msvc, but an error occurred: \\?\C:\Users\Benedict\Desktop\OminiDome\omnidome\apps\technician-app\node_modules\@next\swc-win32-x64-msvc\next-swc.win32-x64-msvc.node is not a valid Win32 application.
\\?\C:\Users\Benedict\Desktop\OminiDome\omnidome\apps\technician-app\node_modules\@next\swc-win32-x64-msvc\next-swc.win32-x64-msvc.node
   Skipping creating a lockfile at C:\Users\Benedict\Desktop\OminiDome\omnidome\apps\technician-app\.next\lock because we're using WASM bindings
   ▲ Next.js 16.0.10 (Turbopack)

   Creating an optimized production build ...
[baseline-browser-mapping] The data in this module is over two months old.  To ensure accurate Baseline data, please update: `npm i baseline-browser-mapping@latest -D`
 ⚠ Attempted to load @next/swc-win32-x64-msvc, but an error occurred: \\?\C:\Users\Benedict\Desktop\OminiDome\omnidome\apps\technician-app\node_modules\@next\swc-win32-x64-msvc\next-swc.win32-x64-msvc.node is not a valid Win32 application.
\\?\C:\Users\Benedict\Desktop\OminiDome\omnidome\apps\technician-app\node_modules\@next\swc-win32-x64-msvc\next-swc.win32-x64-msvc.node

> Build error occurred
Error: `turbo.createProject` is not supported by the wasm bindings.
    at ignore-listed frames
