0 verbose cli /usr/local/bin/node /usr/local/bin/npm
1 info using npm@10.9.8
2 info using node@v22.22.3
3 silly config load:file:/usr/local/lib/node_modules/npm/npmrc
4 silly config load:file:/opt/data/home/omnidome-web/.npmrc
5 silly config load:file:/opt/data/home/.npmrc
6 silly config load:file:/usr/local/etc/npmrc
7 verbose title npm install
8 verbose argv "install" "--no-audit" "--no-fund" "--legacy-peer-deps" "--prefer-offline" "--force"
9 verbose logfile logs-max:10 dir:/opt/data/home/.npm/_logs/2026-06-01T09_15_02_507Z-
10 verbose logfile /opt/data/home/.npm/_logs/2026-06-01T09_15_02_507Z-debug-0.log
11 warn using --force Recommended protections disabled.
12 silly logfile start cleaning logs, removing 1 files
13 silly logfile done cleaning log files
14 silly packumentCache heap:521142272 maxSize:130285568 maxEntrySize:65142784
15 silly idealTree buildDeps
16 silly reify moves {}
17 verbose reify failed optional dependency /opt/data/home/omnidome-web/node_modules/@tailwindcss/oxide-wasm32-wasi
18 silly reify mark deleted [
18 silly reify   '/opt/data/home/omnidome-web/node_modules/@tailwindcss/oxide-wasm32-wasi'
18 silly reify ]
19 verbose reify failed optional dependency /opt/data/home/omnidome-web/node_modules/lightningcss-win32-x64-msvc
20 silly reify mark deleted [
20 silly reify   '/opt/data/home/omnidome-web/node_modules/lightningcss-win32-x64-msvc'
20 silly reify ]
21 verbose reify failed optional dependency /opt/data/home/omnidome-web/node_modules/lightningcss-win32-arm64-msvc
22 silly reify mark deleted [
22 silly reify   '/opt/data/home/omnidome-web/node_modules/lightningcss-win32-arm64-msvc'
22 silly reify ]
23 verbose reify failed optional dependency /opt/data/home/omnidome-web/node_modules/lightningcss-linux-arm64-musl
24 silly reify mark deleted [
24 silly reify   '/opt/data/home/omnidome-web/node_modules/lightningcss-linux-arm64-musl'
24 silly reify ]
25 verbose reify failed optional dependency /opt/data/home/omnidome-web/node_modules/lightningcss-linux-arm64-gnu
26 silly reify mark deleted [
26 silly reify   '/opt/data/home/omnidome-web/node_modules/lightningcss-linux-arm64-gnu'
26 silly reify ]
27 verbose reify failed optional dependency /opt/data/home/omnidome-web/node_modules/lightningcss-linux-arm-gnueabihf
28 silly reify mark deleted [
28 silly reify   '/opt/data/home/omnidome-web/node_modules/lightningcss-linux-arm-gnueabihf'
28 silly reify ]
29 verbose reify failed optional dependency /opt/data/home/omnidome-web/node_modules/lightningcss-freebsd-x64
30 silly reify mark deleted [ '/opt/data/home/omnidome-web/node_modules/lightningcss-freebsd-x64' ]
31 verbose reify failed optional dependency /opt/data/home/omnidome-web/node_modules/lightningcss-darwin-x64
32 silly reify mark deleted [ '/opt/data/home/omnidome-web/node_modules/lightningcss-darwin-x64' ]
33 verbose reify failed optional dependency /opt/data/home/omnidome-web/node_modules/lightningcss-darwin-arm64
34 silly reify mark deleted [
34 silly reify   '/opt/data/home/omnidome-web/node_modules/lightningcss-darwin-arm64'
34 silly reify ]
35 verbose reify failed optional dependency /opt/data/home/omnidome-web/node_modules/lightningcss-android-arm64
36 silly reify mark deleted [
36 silly reify   '/opt/data/home/omnidome-web/node_modules/lightningcss-android-arm64'
36 silly reify ]
37 verbose reify failed optional dependency /opt/data/home/omnidome-web/node_modules/@unrs/resolver-binding-win32-x64-msvc
38 silly reify mark deleted [
38 silly reify   '/opt/data/home/omnidome-web/node_modules/@unrs/resolver-binding-win32-x64-msvc'
38 silly reify ]
39 verbose reify failed optional dependency /opt/data/home/omnidome-web/node_modules/@unrs/resolver-binding-win32-ia32-msvc
40 silly reify mark deleted [
40 silly reify   '/opt/data/home/omnidome-web/node_modules/@unrs/resolver-binding-win32-ia32-msvc'
40 silly reify ]
41 verbose reify failed optional dependency /opt/data/home/omnidome-web/node_modules/@unrs/resolver-binding-win32-arm64-msvc
42 silly reify mark deleted [
42 silly reify   '/opt/data/home/omnidome-web/node_modules/@unrs/resolver-binding-win32-arm64-msvc'
42 silly reify ]
43 verbose reify failed optional dependency /opt/data/home/omnidome-web/node_modules/@unrs/resolver-binding-wasm32-wasi
44 silly reify mark deleted [
44 silly reify   '/opt/data/home/omnidome-web/node_modules/@unrs/resolver-binding-wasm32-wasi'
44 silly reify ]
45 verbose reify failed optional dependency /opt/data/home/omnidome-web/node_modules/@unrs/resolver-binding-linux-s390x-gnu
46 silly reify mark deleted [
46 silly reify   '/opt/data/home/omnidome-web/node_modules/@unrs/resolver-binding-linux-s390x-gnu'
46 silly reify ]
47 verbose reify failed optional dependency /opt/data/home/omnidome-web/node_modules/@unrs/resolver-binding-linux-riscv64-musl
48 silly reify mark deleted [
48 silly reify   '/opt/data/home/omnidome-web/node_modules/@unrs/resolver-binding-linux-riscv64-musl'
48 silly reify ]
49 verbose reify failed optional dependency /opt/data/home/omnidome-web/node_modules/@unrs/resolver-binding-linux-riscv64-gnu
50 silly reify mark deleted [
50 silly reify   '/opt/data/home/omnidome-web/node_modules/@unrs/resolver-binding-linux-riscv64-gnu'
50 silly reify ]
51 verbose reify failed optional dependency /opt/data/home/omnidome-web/node_modules/@unrs/resolver-binding-linux-ppc64-gnu
52 silly reify mark deleted [
52 silly reify   '/opt/data/home/omnidome-web/node_modules/@unrs/resolver-binding-linux-ppc64-gnu'
52 silly reify ]
53 verbose reify failed optional dependency /opt/data/home/omnidome-web/node_modules/@unrs/resolver-binding-linux-arm64-musl
54 silly reify mark deleted [
54 silly reify   '/opt/data/home/omnidome-web/node_modules/@unrs/resolver-binding-linux-arm64-musl'
54 silly reify ]
55 verbose reify failed optional dependency /opt/data/home/omnidome-web/node_modules/@unrs/resolver-binding-linux-arm64-gnu
56 silly reify mark deleted [
56 silly reify   '/opt/data/home/omnidome-web/node_modules/@unrs/resolver-binding-linux-arm64-gnu'
56 silly reify ]
57 verbose reify failed optional dependency /opt/data/home/omnidome-web/node_modules/@unrs/resolver-binding-linux-arm-musleabihf
58 silly reify mark deleted [
58 silly reify   '/opt/data/home/omnidome-web/node_modules/@unrs/resolver-binding-linux-arm-musleabihf'
58 silly reify ]
59 verbose reify failed optional dependency /opt/data/home/omnidome-web/node_modules/@unrs/resolver-binding-linux-arm-gnueabihf
60 silly reify mark deleted [
60 silly reify   '/opt/data/home/omnidome-web/node_modules/@unrs/resolver-binding-linux-arm-gnueabihf'
60 silly reify ]
61 verbose reify failed optional dependency /opt/data/home/omnidome-web/node_modules/@unrs/resolver-binding-freebsd-x64
62 silly reify mark deleted [
62 silly reify   '/opt/data/home/omnidome-web/node_modules/@unrs/resolver-binding-freebsd-x64'
62 silly reify ]
63 verbose reify failed optional dependency /opt/data/home/omnidome-web/node_modules/@unrs/resolver-binding-darwin-x64
64 silly reify mark deleted [
64 silly reify   '/opt/data/home/omnidome-web/node_modules/@unrs/resolver-binding-darwin-x64'
64 silly reify ]
65 verbose reify failed optional dependency /opt/data/home/omnidome-web/node_modules/@unrs/resolver-binding-darwin-arm64
66 silly reify mark deleted [
66 silly reify   '/opt/data/home/omnidome-web/node_modules/@unrs/resolver-binding-darwin-arm64'
66 silly reify ]
67 verbose reify failed optional dependency /opt/data/home/omnidome-web/node_modules/@unrs/resolver-binding-android-arm64
68 silly reify mark deleted [
68 silly reify   '/opt/data/home/omnidome-web/node_modules/@unrs/resolver-binding-android-arm64'
68 silly reify ]
69 verbose reify failed optional dependency /opt/data/home/omnidome-web/node_modules/@unrs/resolver-binding-android-arm-eabi
70 silly reify mark deleted [
70 silly reify   '/opt/data/home/omnidome-web/node_modules/@unrs/resolver-binding-android-arm-eabi'
70 silly reify ]
71 verbose reify failed optional dependency /opt/data/home/omnidome-web/node_modules/@tailwindcss/oxide-win32-x64-msvc
72 silly reify mark deleted [
72 silly reify   '/opt/data/home/omnidome-web/node_modules/@tailwindcss/oxide-win32-x64-msvc'
72 silly reify ]
73 verbose reify failed optional dependency /opt/data/home/omnidome-web/node_modules/@tailwindcss/oxide-win32-arm64-msvc
74 silly reify mark deleted [
74 silly reify   '/opt/data/home/omnidome-web/node_modules/@tailwindcss/oxide-win32-arm64-msvc'
74 silly reify ]
75 verbose reify failed optional dependency /opt/data/home/omnidome-web/node_modules/@tailwindcss/oxide-linux-arm64-musl
76 silly reify mark deleted [
76 silly reify   '/opt/data/home/omnidome-web/node_modules/@tailwindcss/oxide-linux-arm64-musl'
76 silly reify ]
77 verbose reify failed optional dependency /opt/data/home/omnidome-web/node_modules/@tailwindcss/oxide-linux-arm64-gnu
78 silly reify mark deleted [
78 silly reify   '/opt/data/home/omnidome-web/node_modules/@tailwindcss/oxide-linux-arm64-gnu'
78 silly reify ]
79 verbose reify failed optional dependency /opt/data/home/omnidome-web/node_modules/@tailwindcss/oxide-linux-arm-gnueabihf
80 silly reify mark deleted [
80 silly reify   '/opt/data/home/omnidome-web/node_modules/@tailwindcss/oxide-linux-arm-gnueabihf'
80 silly reify ]
81 verbose reify failed optional dependency /opt/data/home/omnidome-web/node_modules/@tailwindcss/oxide-freebsd-x64
82 silly reify mark deleted [
82 silly reify   '/opt/data/home/omnidome-web/node_modules/@tailwindcss/oxide-freebsd-x64'
82 silly reify ]
83 verbose reify failed optional dependency /opt/data/home/omnidome-web/node_modules/@tailwindcss/oxide-darwin-x64
84 silly reify mark deleted [
84 silly reify   '/opt/data/home/omnidome-web/node_modules/@tailwindcss/oxide-darwin-x64'
84 silly reify ]
85 verbose reify failed optional dependency /opt/data/home/omnidome-web/node_modules/@tailwindcss/oxide-darwin-arm64
86 silly reify mark deleted [
86 silly reify   '/opt/data/home/omnidome-web/node_modules/@tailwindcss/oxide-darwin-arm64'
86 silly reify ]
87 verbose reify failed optional dependency /opt/data/home/omnidome-web/node_modules/@tailwindcss/oxide-android-arm64
88 silly reify mark deleted [
88 silly reify   '/opt/data/home/omnidome-web/node_modules/@tailwindcss/oxide-android-arm64'
88 silly reify ]
89 verbose reify failed optional dependency /opt/data/home/omnidome-web/node_modules/@next/swc-win32-x64-msvc
90 silly reify mark deleted [ '/opt/data/home/omnidome-web/node_modules/@next/swc-win32-x64-msvc' ]
91 verbose reify failed optional dependency /opt/data/home/omnidome-web/node_modules/@next/swc-win32-arm64-msvc
92 silly reify mark deleted [
92 silly reify   '/opt/data/home/omnidome-web/node_modules/@next/swc-win32-arm64-msvc'
92 silly reify ]
93 verbose reify failed optional dependency /opt/data/home/omnidome-web/node_modules/@next/swc-linux-arm64-musl
94 silly reify mark deleted [
94 silly reify   '/opt/data/home/omnidome-web/node_modules/@next/swc-linux-arm64-musl'
94 silly reify ]
95 verbose reify failed optional dependency /opt/data/home/omnidome-web/node_modules/@next/swc-linux-arm64-gnu
96 silly reify mark deleted [
96 silly reify   '/opt/data/home/omnidome-web/node_modules/@next/swc-linux-arm64-gnu'
96 silly reify ]
97 verbose reify failed optional dependency /opt/data/home/omnidome-web/node_modules/@next/swc-darwin-x64
98 silly reify mark deleted [ '/opt/data/home/omnidome-web/node_modules/@next/swc-darwin-x64' ]
99 verbose reify failed optional dependency /opt/data/home/omnidome-web/node_modules/@next/swc-darwin-arm64
100 silly reify mark deleted [ '/opt/data/home/omnidome-web/node_modules/@next/swc-darwin-arm64' ]
101 verbose reify failed optional dependency /opt/data/home/omnidome-web/node_modules/@img/sharp-win32-x64
102 silly reify mark deleted [ '/opt/data/home/omnidome-web/node_modules/@img/sharp-win32-x64' ]
103 verbose reify failed optional dependency /opt/data/home/omnidome-web/node_modules/@img/sharp-win32-ia32
104 silly reify mark deleted [ '/opt/data/home/omnidome-web/node_modules/@img/sharp-win32-ia32' ]
105 verbose reify failed optional dependency /opt/data/home/omnidome-web/node_modules/@img/sharp-win32-arm64
106 silly reify mark deleted [ '/opt/data/home/omnidome-web/node_modules/@img/sharp-win32-arm64' ]
107 verbose reify failed optional dependency /opt/data/home/omnidome-web/node_modules/@img/sharp-wasm32
108 silly reify mark deleted [ '/opt/data/home/omnidome-web/node_modules/@img/sharp-wasm32' ]
109 verbose reify failed optional dependency /opt/data/home/omnidome-web/node_modules/@img/sharp-linuxmusl-arm64
110 silly reify mark deleted [
110 silly reify   '/opt/data/home/omnidome-web/node_modules/@img/sharp-linuxmusl-arm64'
110 silly reify ]
111 verbose reify failed optional dependency /opt/data/home/omnidome-web/node_modules/@img/sharp-linux-s390x
112 silly reify mark deleted [ '/opt/data/home/omnidome-web/node_modules/@img/sharp-linux-s390x' ]
113 verbose reify failed optional dependency /opt/data/home/omnidome-web/node_modules/@img/sharp-linux-riscv64
114 silly reify mark deleted [ '/opt/data/home/omnidome-web/node_modules/@img/sharp-linux-riscv64' ]
115 verbose reify failed optional dependency /opt/data/home/omnidome-web/node_modules/@img/sharp-linux-ppc64
116 silly reify mark deleted [ '/opt/data/home/omnidome-web/node_modules/@img/sharp-linux-ppc64' ]
117 verbose reify failed optional dependency /opt/data/home/omnidome-web/node_modules/@img/sharp-linux-arm64
118 silly reify mark deleted [ '/opt/data/home/omnidome-web/node_modules/@img/sharp-linux-arm64' ]
119 verbose reify failed optional dependency /opt/data/home/omnidome-web/node_modules/@img/sharp-linux-arm
120 silly reify mark deleted [ '/opt/data/home/omnidome-web/node_modules/@img/sharp-linux-arm' ]
121 verbose reify failed optional dependency /opt/data/home/omnidome-web/node_modules/@img/sharp-libvips-linuxmusl-arm64
122 silly reify mark deleted [
122 silly reify   '/opt/data/home/omnidome-web/node_modules/@img/sharp-libvips-linuxmusl-arm64'
122 silly reify ]
123 verbose reify failed optional dependency /opt/data/home/omnidome-web/node_modules/@img/sharp-libvips-linux-s390x
124 silly reify mark deleted [
124 silly reify   '/opt/data/home/omnidome-web/node_modules/@img/sharp-libvips-linux-s390x'
124 silly reify ]
125 verbose reify failed optional dependency /opt/data/home/omnidome-web/node_modules/@img/sharp-libvips-linux-riscv64
126 silly reify mark deleted [
126 silly reify   '/opt/data/home/omnidome-web/node_modules/@img/sharp-libvips-linux-riscv64'
126 silly reify ]
127 verbose reify failed optional dependency /opt/data/home/omnidome-web/node_modules/@img/sharp-libvips-linux-ppc64
128 silly reify mark deleted [
128 silly reify   '/opt/data/home/omnidome-web/node_modules/@img/sharp-libvips-linux-ppc64'
128 silly reify ]
129 verbose reify failed optional dependency /opt/data/home/omnidome-web/node_modules/@img/sharp-libvips-linux-arm64
130 silly reify mark deleted [
130 silly reify   '/opt/data/home/omnidome-web/node_modules/@img/sharp-libvips-linux-arm64'
130 silly reify ]
131 verbose reify failed optional dependency /opt/data/home/omnidome-web/node_modules/@img/sharp-libvips-linux-arm
132 silly reify mark deleted [
132 silly reify   '/opt/data/home/omnidome-web/node_modules/@img/sharp-libvips-linux-arm'
132 silly reify ]
133 verbose reify failed optional dependency /opt/data/home/omnidome-web/node_modules/@img/sharp-libvips-darwin-x64
134 silly reify mark deleted [
134 silly reify   '/opt/data/home/omnidome-web/node_modules/@img/sharp-libvips-darwin-x64'
134 silly reify ]
135 verbose reify failed optional dependency /opt/data/home/omnidome-web/node_modules/@img/sharp-libvips-darwin-arm64
136 silly reify mark deleted [
136 silly reify   '/opt/data/home/omnidome-web/node_modules/@img/sharp-libvips-darwin-arm64'
136 silly reify ]
137 verbose reify failed optional dependency /opt/data/home/omnidome-web/node_modules/@img/sharp-darwin-x64
138 silly reify mark deleted [ '/opt/data/home/omnidome-web/node_modules/@img/sharp-darwin-x64' ]
139 verbose reify failed optional dependency /opt/data/home/omnidome-web/node_modules/@img/sharp-darwin-arm64
140 silly reify mark deleted [ '/opt/data/home/omnidome-web/node_modules/@img/sharp-darwin-arm64' ]
141 verbose reify failed optional dependency /opt/data/home/omnidome-web/node_modules/@esbuild/win32-x64
142 silly reify mark deleted [ '/opt/data/home/omnidome-web/node_modules/@esbuild/win32-x64' ]
143 verbose reify failed optional dependency /opt/data/home/omnidome-web/node_modules/@esbuild/win32-ia32
144 silly reify mark deleted [ '/opt/data/home/omnidome-web/node_modules/@esbuild/win32-ia32' ]
145 verbose reify failed optional dependency /opt/data/home/omnidome-web/node_modules/@esbuild/win32-arm64
146 silly reify mark deleted [ '/opt/data/home/omnidome-web/node_modules/@esbuild/win32-arm64' ]
147 verbose reify failed optional dependency /opt/data/home/omnidome-web/node_modules/@esbuild/sunos-x64
148 silly reify mark deleted [ '/opt/data/home/omnidome-web/node_modules/@esbuild/sunos-x64' ]
149 verbose reify failed optional dependency /opt/data/home/omnidome-web/node_modules/@esbuild/openharmony-arm64
150 silly reify mark deleted [
150 silly reify   '/opt/data/home/omnidome-web/node_modules/@esbuild/openharmony-arm64'
150 silly reify ]
151 verbose reify failed optional dependency /opt/data/home/omnidome-web/node_modules/@esbuild/openbsd-x64
152 silly reify mark deleted [ '/opt/data/home/omnidome-web/node_modules/@esbuild/openbsd-x64' ]
153 verbose reify failed optional dependency /opt/data/home/omnidome-web/node_modules/@esbuild/openbsd-arm64
154 silly reify mark deleted [ '/opt/data/home/omnidome-web/node_modules/@esbuild/openbsd-arm64' ]
155 verbose reify failed optional dependency /opt/data/home/omnidome-web/node_modules/@esbuild/netbsd-x64
156 silly reify mark deleted [ '/opt/data/home/omnidome-web/node_modules/@esbuild/netbsd-x64' ]
157 verbose reify failed optional dependency /opt/data/home/omnidome-web/node_modules/@esbuild/netbsd-arm64
158 silly reify mark deleted [ '/opt/data/home/omnidome-web/node_modules/@esbuild/netbsd-arm64' ]
159 verbose reify failed optional dependency /opt/data/home/omnidome-web/node_modules/@esbuild/linux-s390x
160 silly reify mark deleted [ '/opt/data/home/omnidome-web/node_modules/@esbuild/linux-s390x' ]
161 verbose reify failed optional dependency /opt/data/home/omnidome-web/node_modules/@esbuild/linux-riscv64
162 silly reify mark deleted [ '/opt/data/home/omnidome-web/node_modules/@esbuild/linux-riscv64' ]
163 verbose reify failed optional dependency /opt/data/home/omnidome-web/node_modules/@esbuild/linux-ppc64
164 silly reify mark deleted [ '/opt/data/home/omnidome-web/node_modules/@esbuild/linux-ppc64' ]
165 verbose reify failed optional dependency /opt/data/home/omnidome-web/node_modules/@esbuild/linux-mips64el
166 silly reify mark deleted [ '/opt/data/home/omnidome-web/node_modules/@esbuild/linux-mips64el' ]
167 verbose reify failed optional dependency /opt/data/home/omnidome-web/node_modules/@esbuild/linux-loong64
168 silly reify mark deleted [ '/opt/data/home/omnidome-web/node_modules/@esbuild/linux-loong64' ]
169 verbose reify failed optional dependency /opt/data/home/omnidome-web/node_modules/@esbuild/linux-ia32
170 silly reify mark deleted [ '/opt/data/home/omnidome-web/node_modules/@esbuild/linux-ia32' ]
171 verbose reify failed optional dependency /opt/data/home/omnidome-web/node_modules/@esbuild/linux-arm64
172 silly reify mark deleted [ '/opt/data/home/omnidome-web/node_modules/@esbuild/linux-arm64' ]
173 verbose reify failed optional dependency /opt/data/home/omnidome-web/node_modules/@esbuild/linux-arm
174 silly reify mark deleted [ '/opt/data/home/omnidome-web/node_modules/@esbuild/linux-arm' ]
175 verbose reify failed optional dependency /opt/data/home/omnidome-web/node_modules/@esbuild/freebsd-x64
176 silly reify mark deleted [ '/opt/data/home/omnidome-web/node_modules/@esbuild/freebsd-x64' ]
177 verbose reify failed optional dependency /opt/data/home/omnidome-web/node_modules/@esbuild/freebsd-arm64
178 silly reify mark deleted [ '/opt/data/home/omnidome-web/node_modules/@esbuild/freebsd-arm64' ]
179 verbose reify failed optional dependency /opt/data/home/omnidome-web/node_modules/@esbuild/darwin-x64
180 silly reify mark deleted [ '/opt/data/home/omnidome-web/node_modules/@esbuild/darwin-x64' ]
181 verbose reify failed optional dependency /opt/data/home/omnidome-web/node_modules/@esbuild/darwin-arm64
182 silly reify mark deleted [ '/opt/data/home/omnidome-web/node_modules/@esbuild/darwin-arm64' ]
183 verbose reify failed optional dependency /opt/data/home/omnidome-web/node_modules/@esbuild/android-x64
184 silly reify mark deleted [ '/opt/data/home/omnidome-web/node_modules/@esbuild/android-x64' ]
185 verbose reify failed optional dependency /opt/data/home/omnidome-web/node_modules/@esbuild/android-arm64
186 silly reify mark deleted [ '/opt/data/home/omnidome-web/node_modules/@esbuild/android-arm64' ]
187 verbose reify failed optional dependency /opt/data/home/omnidome-web/node_modules/@esbuild/android-arm
188 silly reify mark deleted [ '/opt/data/home/omnidome-web/node_modules/@esbuild/android-arm' ]
189 verbose reify failed optional dependency /opt/data/home/omnidome-web/node_modules/@esbuild/aix-ppc64
190 silly reify mark deleted [ '/opt/data/home/omnidome-web/node_modules/@esbuild/aix-ppc64' ]
191 silly ADD
192 silly ADD
193 silly ADD
194 silly ADD
195 silly ADD
196 silly ADD
197 silly ADD
198 silly ADD
199 silly ADD
200 silly ADD
201 silly ADD
202 silly ADD
203 silly ADD
204 silly ADD
205 silly ADD
206 silly ADD
207 silly ADD
208 silly ADD
209 silly ADD
210 silly ADD
211 silly ADD
212 silly ADD
213 silly ADD
214 silly ADD
215 silly ADD
216 silly ADD
217 silly ADD
218 silly ADD
219 silly ADD
220 silly ADD
221 silly ADD
222 silly ADD
223 silly ADD
224 silly ADD
225 silly ADD
226 silly ADD
227 silly ADD
228 silly ADD
229 silly ADD
230 silly ADD
231 silly ADD
232 silly ADD
233 silly ADD
234 silly ADD
235 silly ADD
236 silly ADD
237 silly ADD
238 silly ADD
239 silly ADD
240 silly ADD
241 silly ADD
242 silly ADD
243 silly ADD
244 silly ADD
245 silly ADD
246 silly ADD
247 silly ADD
248 silly ADD
249 silly ADD
250 silly ADD
251 silly ADD
252 silly ADD
253 silly ADD
254 silly ADD
255 silly ADD
256 silly ADD
257 silly ADD
258 silly ADD
259 silly ADD
260 silly ADD
261 silly ADD
262 silly ADD
263 silly ADD
264 silly ADD
265 silly ADD
266 silly ADD
267 silly ADD
268 silly ADD
269 silly ADD
270 silly ADD
271 silly ADD
272 silly ADD
273 silly ADD
274 silly ADD
275 silly ADD
276 silly ADD
277 silly ADD
278 verbose cwd /opt/data/home/omnidome-web
279 verbose os Linux 6.1.0-49-cloud-amd64
280 verbose node v22.22.3
281 verbose npm  v10.9.8
282 verbose exit 0
283 info ok
