=== shutdown diagnostic @ SIGTERM ===
--- date ---
2026-05-31T13:01:03Z
--- ps auxf (top 60 by cpu) ---
USER         PID %CPU %MEM    VSZ   RSS TTY      STAT START   TIME COMMAND
root           1  0.0  0.0    444   108 ?        Ss   12:54   0:00 /package/admin/s6/command/s6-svscan -d4 -- /run/service
root          18  0.0  0.0    224    84 ?        S    12:54   0:00 s6-supervise s6-linux-init-shutdownd
root          19  0.0  0.0    216    76 ?        Ss   12:54   0:00  \_ /package/admin/s6-linux-init/command/s6-linux-init-shutdownd -d3 -c /run/s6/basedir -g 3000 -C -B
--- pstree of self ---
--- /proc/loadavg ---
0.12 0.40 0.82 2/205 192
--- recent dmesg (oom/killed) ---
=== end ===
=== shutdown diagnostic @ SIGTERM ===
--- date ---
2026-05-31T13:01:03Z
--- ps auxf (top 60 by cpu) ---
USER         PID %CPU %MEM    VSZ   RSS TTY      STAT START   TIME COMMAND
root           1  0.0  0.0    444   108 ?        Ss   12:54   0:00 /package/admin/s6/command/s6-svscan -d4 -- /run/service
root          18  0.0  0.0    224    84 ?        S    12:54   0:00 s6-supervise s6-linux-init-shutdownd
root          19  0.0  0.0    216    76 ?        Ss   12:54   0:00  \_ /package/admin/s6-linux-init/command/s6-linux-init-shutdownd -d3 -c /run/s6/basedir -g 3000 -C -B
--- pstree of self ---
--- /proc/loadavg ---
0.12 0.40 0.82 2/199 203
--- recent dmesg (oom/killed) ---
=== end ===
=== shutdown diagnostic @ SIGTERM ===
--- date ---
2026-05-31T13:11:09Z
--- ps auxf (top 60 by cpu) ---
=== shutdown diagnostic @ SIGTERM ===
--- date ---
2026-05-31T13:11:10Z
--- ps auxf (top 60 by cpu) ---
USER         PID %CPU %MEM    VSZ   RSS TTY      STAT START   TIME COMMAND
root           1  0.0  0.0    440   108 ?        Ss   13:01   0:00 /package/admin/s6/command/s6-svscan -d4 -- /run/service
root          19  0.0  0.0    224    84 ?        S    13:01   0:00 s6-supervise s6-linux-init-shutdownd
root          20  0.0  0.0    216    72 ?        Ss   13:01   0:00  \_ /package/admin/s6-linux-init/command/s6-linux-init-shutdownd -d3 -c /run/s6/basedir -g 3000 -C -B
--- pstree of self ---
USER         PID %CPU %MEM    VSZ   RSS TTY      STAT START   TIME COMMAND
root           1  0.0  0.0    440   108 ?        Ss   13:01   0:00 /package/admin/s6/command/s6-svscan -d4 -- /run/service
root          19  0.0  0.0    224    84 ?        S    13:01   0:00 s6-supervise s6-linux-init-shutdownd
root          20  0.0  0.0    216    72 ?        Ss   13:01   0:00  \_ /package/admin/s6-linux-init/command/s6-linux-init-shutdownd -d3 -c /run/s6/basedir -g 3000 -C -B
--- pstree of self ---
--- /proc/loadavg ---
=== shutdown diagnostic @ SIGTERM ===
--- date ---
2026-05-31T13:11:10Z
--- ps auxf (top 60 by cpu) ---
--- /proc/loadavg ---
USER         PID %CPU %MEM    VSZ   RSS TTY      STAT START   TIME COMMAND
root           1  0.0  0.0    440   108 ?        Ss   13:01   0:00 /package/admin/s6/command/s6-svscan -d4 -- /run/service
root          19  0.0  0.0    224    84 ?        S    13:01   0:00 s6-supervise s6-linux-init-shutdownd
root          20  0.0  0.0    216    72 ?        Ss   13:01   0:00  \_ /package/admin/s6-linux-init/command/s6-linux-init-shutdownd -d3 -c /run/s6/basedir -g 3000 -C -B
--- pstree of self ---
--- /proc/loadavg ---
0.30 0.11 0.44 4/204 193
--- recent dmesg (oom/killed) ---
0.30 0.11 0.44 5/205 195
--- recent dmesg (oom/killed) ---
0.30 0.11 0.44 6/206 197
--- recent dmesg (oom/killed) ---
=== end ===
=== end ===
=== end ===
=== shutdown diagnostic @ SIGTERM ===
=== shutdown diagnostic @ SIGTERM ===
--- date ---
--- date ---
2026-05-31T13:18:15Z
2026-05-31T13:18:15Z
--- ps auxf (top 60 by cpu) ---
--- ps auxf (top 60 by cpu) ---
USER         PID %CPU %MEM    VSZ   RSS TTY      STAT START   TIME COMMAND
root           1  0.0  0.0    440   100 ?        Ss   13:11   0:00 /package/admin/s6/command/s6-svscan -d4 -- /run/service
root          18  0.0  0.0    224    76 ?        S    13:11   0:00 s6-supervise s6-linux-init-shutdownd
root          19  0.0  0.0    216    68 ?        Ss   13:11   0:00  \_ /package/admin/s6-linux-init/command/s6-linux-init-shutdownd -d3 -c /run/s6/basedir -g 3000 -C -B
USER         PID %CPU %MEM    VSZ   RSS TTY      STAT START   TIME COMMAND
root           1  0.0  0.0    440   100 ?        Ss   13:11   0:00 /package/admin/s6/command/s6-svscan -d4 -- /run/service
root          18  0.0  0.0    224    76 ?        S    13:11   0:00 s6-supervise s6-linux-init-shutdownd
root          19  0.0  0.0    216    68 ?        Ss   13:11   0:00  \_ /package/admin/s6-linux-init/command/s6-linux-init-shutdownd -d3 -c /run/s6/basedir -g 3000 -C -B
--- pstree of self ---
--- pstree of self ---
--- /proc/loadavg ---
--- /proc/loadavg ---
0.08 0.09 0.31 2/208 181
0.08 0.09 0.31 2/208 181
--- recent dmesg (oom/killed) ---
--- recent dmesg (oom/killed) ---
=== end ===
=== end ===
=== shutdown diagnostic @ SIGTERM ===
=== shutdown diagnostic @ SIGTERM ===
--- date ---
--- date ---
2026-05-31T13:24:18Z
2026-05-31T13:24:18Z
--- ps auxf (top 60 by cpu) ---
--- ps auxf (top 60 by cpu) ---
USER         PID %CPU %MEM    VSZ   RSS TTY      STAT START   TIME COMMAND
root           1  0.0  0.0    444   108 ?        Ss   13:18   0:00 /package/admin/s6/command/s6-svscan -d4 -- /run/service
root          18  0.0  0.0    224    84 ?        S    13:18   0:00 s6-supervise s6-linux-init-shutdownd
root          19  0.0  0.0    216    76 ?        Ss   13:18   0:00  \_ /package/admin/s6-linux-init/command/s6-linux-init-shutdownd -d3 -c /run/s6/basedir -g 3000 -C -B
USER         PID %CPU %MEM    VSZ   RSS TTY      STAT START   TIME COMMAND
root           1  0.0  0.0    444   108 ?        Ss   13:18   0:00 /package/admin/s6/command/s6-svscan -d4 -- /run/service
root          18  0.0  0.0    224    84 ?        S    13:18   0:00 s6-supervise s6-linux-init-shutdownd
root          19  0.0  0.0    216    76 ?        Ss   13:18   0:00  \_ /package/admin/s6-linux-init/command/s6-linux-init-shutdownd -d3 -c /run/s6/basedir -g 3000 -C -B
--- pstree of self ---
--- pstree of self ---
--- /proc/loadavg ---
--- /proc/loadavg ---
0.02 0.10 0.25 2/202 216
0.02 0.10 0.25 2/202 216
--- recent dmesg (oom/killed) ---
--- recent dmesg (oom/killed) ---
=== end ===
=== end ===
=== shutdown diagnostic @ SIGTERM ===
=== shutdown diagnostic @ SIGTERM ===
--- date ---
--- date ---
=== shutdown diagnostic @ SIGTERM ===
--- date ---
2026-05-31T13:26:22Z
--- ps auxf (top 60 by cpu) ---
2026-05-31T13:26:22Z
--- ps auxf (top 60 by cpu) ---
2026-05-31T13:26:22Z
--- ps auxf (top 60 by cpu) ---
USER         PID %CPU %MEM    VSZ   RSS TTY      STAT START   TIME COMMAND
root           1  0.0  0.0    444   112 ?        Ss   13:24   0:00 /package/admin/s6/command/s6-svscan -d4 -- /run/service
root          19  0.0  0.0    224    76 ?        S    13:24   0:00 s6-supervise s6-linux-init-shutdownd
root          20  0.0  0.0    216    76 ?        Ss   13:24   0:00  \_ /package/admin/s6-linux-init/command/s6-linux-init-shutdownd -d3 -c /run/s6/basedir -g 3000 -C -B
--- pstree of self ---
--- /proc/loadavg ---
USER         PID %CPU %MEM    VSZ   RSS TTY      STAT START   TIME COMMAND
root           1  0.0  0.0    444   112 ?        Ss   13:24   0:00 /package/admin/s6/command/s6-svscan -d4 -- /run/service
root          19  0.0  0.0    224    76 ?        S    13:24   0:00 s6-supervise s6-linux-init-shutdownd
root          20  0.0  0.0    216    76 ?        Ss   13:24   0:00  \_ /package/admin/s6-linux-init/command/s6-linux-init-shutdownd -d3 -c /run/s6/basedir -g 3000 -C -B
--- pstree of self ---
USER         PID %CPU %MEM    VSZ   RSS TTY      STAT START   TIME COMMAND
root           1  0.0  0.0    444   112 ?        Ss   13:24   0:00 /package/admin/s6/command/s6-svscan -d4 -- /run/service
root          19  0.0  0.0    224    76 ?        S    13:24   0:00 s6-supervise s6-linux-init-shutdownd
root          20  0.0  0.0    216    76 ?        Ss   13:24   0:00  \_ /package/admin/s6-linux-init/command/s6-linux-init-shutdownd -d3 -c /run/s6/basedir -g 3000 -C -B
0.17 0.15 0.25 4/207 193
--- pstree of self ---
--- recent dmesg (oom/killed) ---
--- /proc/loadavg ---
=== end ===
--- /proc/loadavg ---
0.17 0.15 0.25 2/204 199
--- recent dmesg (oom/killed) ---
0.17 0.15 0.25 3/204 200
--- recent dmesg (oom/killed) ---
=== end ===
=== end ===
=== shutdown diagnostic @ SIGTERM ===
--- date ---
2026-05-31T13:27:49Z
--- ps auxf (top 60 by cpu) ---
=== shutdown diagnostic @ SIGTERM ===
--- date ---
2026-05-31T13:27:49Z
--- ps auxf (top 60 by cpu) ---
USER         PID %CPU %MEM    VSZ   RSS TTY      STAT START   TIME COMMAND
root           1  0.0  0.0    440   104 ?        Ss   13:26   0:00 /package/admin/s6/command/s6-svscan -d4 -- /run/service
root          18  0.0  0.0    224    84 ?        S    13:26   0:00 s6-supervise s6-linux-init-shutdownd
root          19  0.0  0.0    216    72 ?        Ss   13:26   0:00  \_ /package/admin/s6-linux-init/command/s6-linux-init-shutdownd -d3 -c /run/s6/basedir -g 3000 -C -B
--- pstree of self ---
=== shutdown diagnostic @ SIGTERM ===
--- date ---
--- /proc/loadavg ---
USER         PID %CPU %MEM    VSZ   RSS TTY      STAT START   TIME COMMAND
root           1  0.0  0.0    440   104 ?        Ss   13:26   0:00 /package/admin/s6/command/s6-svscan -d4 -- /run/service
root          18  0.0  0.0    224    84 ?        S    13:26   0:00 s6-supervise s6-linux-init-shutdownd
root          19  0.0  0.0    216    72 ?        Ss   13:26   0:00  \_ /package/admin/s6-linux-init/command/s6-linux-init-shutdownd -d3 -c /run/s6/basedir -g 3000 -C -B
--- pstree of self ---
0.11 0.15 0.24 4/209 191
--- recent dmesg (oom/killed) ---
2026-05-31T13:27:49Z
--- ps auxf (top 60 by cpu) ---
--- /proc/loadavg ---
0.11 0.15 0.24 3/210 196
--- recent dmesg (oom/killed) ---
=== end ===
USER         PID %CPU %MEM    VSZ   RSS TTY      STAT START   TIME COMMAND
root           1  0.0  0.0    440   104 ?        Ss   13:26   0:00 /package/admin/s6/command/s6-svscan -d4 -- /run/service
root          18  0.0  0.0    224    84 ?        S    13:26   0:00 s6-supervise s6-linux-init-shutdownd
root          19  0.0  0.0    216    72 ?        Ss   13:26   0:00  \_ /package/admin/s6-linux-init/command/s6-linux-init-shutdownd -d3 -c /run/s6/basedir -g 3000 -C -B
--- pstree of self ---
=== end ===
--- /proc/loadavg ---
0.11 0.15 0.24 1/204 201
--- recent dmesg (oom/killed) ---
=== end ===
=== shutdown diagnostic @ SIGTERM ===
--- date ---
2026-05-31T13:30:33Z
--- ps auxf (top 60 by cpu) ---
=== shutdown diagnostic @ SIGTERM ===
--- date ---
2026-05-31T13:30:33Z
--- ps auxf (top 60 by cpu) ---
USER         PID %CPU %MEM    VSZ   RSS TTY      STAT START   TIME COMMAND
root           1  0.0  0.0    444   112 ?        Ss   13:27   0:00 /package/admin/s6/command/s6-svscan -d4 -- /run/service
root          19  0.0  0.0    224    76 ?        S    13:27   0:00 s6-supervise s6-linux-init-shutdownd
root          20  0.0  0.0    216    76 ?        Ss   13:27   0:00  \_ /package/admin/s6-linux-init/command/s6-linux-init-shutdownd -d3 -c /run/s6/basedir -g 3000 -C -B
--- pstree of self ---
USER         PID %CPU %MEM    VSZ   RSS TTY      STAT START   TIME COMMAND
root           1  0.0  0.0    444   112 ?        Ss   13:27   0:00 /package/admin/s6/command/s6-svscan -d4 -- /run/service
root          19  0.0  0.0    224    76 ?        S    13:27   0:00 s6-supervise s6-linux-init-shutdownd
root          20  0.0  0.0    216    76 ?        Ss   13:27   0:00  \_ /package/admin/s6-linux-init/command/s6-linux-init-shutdownd -d3 -c /run/s6/basedir -g 3000 -C -B
--- pstree of self ---
--- /proc/loadavg ---
--- /proc/loadavg ---
0.02 0.10 0.21 2/204 189
--- recent dmesg (oom/killed) ---
0.02 0.10 0.21 3/206 192
--- recent dmesg (oom/killed) ---
=== end ===
=== end ===
=== shutdown diagnostic @ SIGTERM ===
--- date ---
=== shutdown diagnostic @ SIGTERM ===
--- date ---
2026-05-31T14:29:31Z
--- ps auxf (top 60 by cpu) ---
2026-05-31T14:29:31Z
--- ps auxf (top 60 by cpu) ---
USER         PID %CPU %MEM    VSZ   RSS TTY      STAT START   TIME COMMAND
root           1  0.0  0.0    440   100 ?        Ss   13:30   0:00 /package/admin/s6/command/s6-svscan -d4 -- /run/service
root          18  0.0  0.0    224    60 ?        S    13:30   0:00 s6-supervise s6-linux-init-shutdownd
root          19  0.0  0.0    216    72 ?        Ss   13:30   0:00  \_ /package/admin/s6-linux-init/command/s6-linux-init-shutdownd -d3 -c /run/s6/basedir -g 3000 -C -B
USER         PID %CPU %MEM    VSZ   RSS TTY      STAT START   TIME COMMAND
root           1  0.0  0.0    440   100 ?        Ss   13:30   0:00 /package/admin/s6/command/s6-svscan -d4 -- /run/service
root          18  0.0  0.0    224    60 ?        S    13:30   0:00 s6-supervise s6-linux-init-shutdownd
root          19  0.0  0.0    216    72 ?        Ss   13:30   0:00  \_ /package/admin/s6-linux-init/command/s6-linux-init-shutdownd -d3 -c /run/s6/basedir -g 3000 -C -B
--- pstree of self ---
--- pstree of self ---
--- /proc/loadavg ---
--- /proc/loadavg ---
0.08 0.04 0.01 2/208 270
0.08 0.04 0.01 2/208 270
--- recent dmesg (oom/killed) ---
--- recent dmesg (oom/killed) ---
=== end ===
=== end ===
